error: Invalid custom type.

         = note: Expected `#[sv::custom(msg=SomeMsg, query=SomeQuery)]`.
  --> tests/ui/attributes/custom/invalid_custom.rs:12:14
   |
12 | #[sv::custom(mgs=MyMsg)]
   |              ^^^
