error: Unexpected tokens inside `sv::messages` attribtue.

         = note: Maximal supported form of attribute: `#[sv::messages(interface::path as InterfaceName: custom(msg, query))]`.

  --> tests/ui/attributes/messages/unexpected_token.rs:24:25
   |
24 | #[sv::messages(interface(Empty))]
   |                         ^

error: unexpected token
  --> tests/ui/attributes/messages/unexpected_token.rs:24:1
   |
24 | #[sv::messages(interface(Empty))]
   | ^
